=== stdout ===
Events by OS version app-wide, 2026-06-08 → 2026-06-15: 40 events in 3 groups.

NAME        EVENTS   SHARE  USERS  ALL USERS  CRASH-FREE
iOS 17.5.1      20  50.00%      7        700      98.50%
iOS 17.4        14  35.00%      5        500      98.50%
iOS 16.7.8       6  15.00%      3        150      98.50%
=== stderr ===
=== exit ===
0
=== requests ===
GET https://firebasecrashlytics.googleapis.com/v1alpha/projects/1234567890/apps/1:1234567890:ios:aaaa1111bbbb2222/reports/topOperatingSystems?filter.interval.endTime=2026-06-15T12:00:00Z&filter.interval.startTime=2026-06-08T12:00:00Z&page_size=100
POST https://www.googleapis.com/oauth2/v3/token
