=== stdout ===
{
  "data" : {
    "dimension" : "os",
    "eventsCount" : 40,
    "groupCount" : 3,
    "items" : [
      {
        "crashFreeUsersPercentage" : 98.5,
        "dimension" : "os",
        "eventsCount" : 20,
        "eventsShare" : 50,
        "impactedUsersCount" : 7,
        "name" : "iOS 17.5.1",
        "os" : "iOS",
        "osVersion" : "17.5.1",
        "usersCount" : 700
      },
      {
        "crashFreeUsersPercentage" : 98.5,
        "dimension" : "os",
        "eventsCount" : 14,
        "eventsShare" : 35,
        "impactedUsersCount" : 5,
        "name" : "iOS 17.4",
        "os" : "iOS",
        "osVersion" : "17.4",
        "usersCount" : 500
      },
      {
        "crashFreeUsersPercentage" : 98.5,
        "dimension" : "os",
        "eventsCount" : 6,
        "eventsShare" : 15,
        "impactedUsersCount" : 3,
        "name" : "iOS 16.7.8",
        "os" : "iOS",
        "osVersion" : "16.7.8",
        "usersCount" : 150
      }
    ],
    "since" : "7d",
    "window" : {
      "since" : "2026-06-08T12:00:00Z",
      "until" : "2026-06-15T12:00:00Z"
    }
  },
  "schemaVersion" : 1,
  "warnings" : [

  ]
}
=== stderr ===
=== exit ===
0
=== requests ===
GET https://firebasecrashlytics.googleapis.com/v1alpha/projects/1234567890/apps/1:1234567890:ios:aaaa1111bbbb2222/reports/topOperatingSystems?filter.interval.endTime=2026-06-15T12:00:00Z&filter.interval.startTime=2026-06-08T12:00:00Z&page_size=100
POST https://www.googleapis.com/oauth2/v3/token
