=== stdout ===
Events by app version app-wide, 2026-06-08 → 2026-06-15: 81 events in 3 groups.
Versions with events: 6.14.2 (880) … 6.16.0 (937).

NAME          EVENTS   SHARE  USERS  VERSION USERS  CRASH-FREE  SESSIONS
6.16.0 (937)      45  55.56%     15            900      99.25%      2700
6.15.0 (900)      30  37.04%     10            600      99.25%      1800
6.14.2 (880)       6   7.41%      2            120      99.25%       360
=== stderr ===
=== exit ===
0
=== requests ===
GET https://firebasecrashlytics.googleapis.com/v1alpha/projects/1234567890/apps/1:1234567890:ios:aaaa1111bbbb2222/reports/topVersions?filter.interval.endTime=2026-06-15T12:00:00Z&filter.interval.startTime=2026-06-08T12:00:00Z&page_size=100
POST https://www.googleapis.com/oauth2/v3/token
