=== stdout ===
{"crashFreeUsersPercentage":97.75,"dimension":"device","eventsCount":24,"eventsShare":60,"impactedUsersCount":8,"kind":"breakdownRow","manufacturer":"Apple","marketingName":"iPhone 14 Pro","model":"iPhone15,2","name":"iPhone 14 Pro (iPhone15,2)","schemaVersion":1,"usersCount":400}
{"crashFreeUsersPercentage":97.75,"dimension":"device","eventsCount":12,"eventsShare":30,"impactedUsersCount":6,"kind":"breakdownRow","manufacturer":"Apple","marketingName":"iPhone 13","model":"iPhone14,5","name":"iPhone 13 (iPhone14,5)","schemaVersion":1,"usersCount":300}
{"crashFreeUsersPercentage":97.75,"dimension":"device","eventsCount":4,"eventsShare":10,"impactedUsersCount":2,"kind":"breakdownRow","manufacturer":"Apple","marketingName":"iPad Air","model":"iPad13,1","name":"iPad Air (iPad13,1)","schemaVersion":1,"usersCount":100}
=== stderr ===
=== exit ===
0
=== requests ===
GET https://firebasecrashlytics.googleapis.com/v1alpha/projects/1234567890/apps/1:1234567890:ios:aaaa1111bbbb2222/reports/topAppleDevices?filter.interval.endTime=2026-06-15T12:00:00Z&filter.interval.startTime=2026-06-08T12:00:00Z&page_size=100
POST https://www.googleapis.com/oauth2/v3/token
