=== stdout ===
=== stderr ===
Error: The value 'yaml' is invalid for '--format <format>'. Please provide one of 'text', 'json' or 'ndjson'.
Help:  --format <format>  Output format: text (default), json, or ndjson.
Usage: xcrashlytics issues [<options>] [<query>]
  See 'xcrashlytics issues --help' for more information.
=== exit ===
64
=== requests ===
