=== stdout ===
{
  "data" : {
    "events" : [
      {
        "blamedFrame" : {
          "binaryName" : "ExampleApp",
          "file" : "BlurService.swift",
          "index" : 3,
          "isBlamed" : true,
          "line" : 77,
          "symbol" : "BlurService.classify(_:)"
        },
        "crashInfo" : [
          "BlurService.swift:77: Fatal error: Array index out of range (user [redacted])",
          "second entry"
        ],
        "crashMessage" : "BlurService.swift:77: Fatal error: Array index out of range (user [redacted])",
        "crashedThread" : {
          "crashAddress" : "0",
          "queue" : "com.apple.main-thread",
          "signal" : "SIGABRT",
          "signalCode" : "0x0",
          "title" : "Crashed: com.apple.main-thread"
        },
        "eventTime" : "2026-06-14T09:30:00Z",
        "exception" : {
          "message" : "-[NSNull length]: unrecognized selector sent to instance 0x1 (user [redacted])",
          "type" : "NSInvalidArgumentException"
        },
        "firebaseEventId" : "E1",
        "frames" : [
          {
            "binaryName" : "libobjc.A.dylib",
            "index" : 0,
            "isBlamed" : false,
            "symbol" : "objc_exception_throw"
          },
          {
            "binaryName" : "CoreFoundation",
            "index" : 1,
            "isBlamed" : false,
            "symbol" : "<redacted>"
          },
          {
            "binaryName" : "KeyboardCore",
            "index" : 2,
            "isBlamed" : false,
            "symbol" : "objectdestroyTm"
          },
          {
            "binaryName" : "ExampleApp",
            "file" : "BlurService.swift",
            "index" : 3,
            "isBlamed" : true,
            "line" : 77,
            "symbol" : "BlurService.classify(_:)"
          },
          {
            "binaryName" : "ExampleApp",
            "file" : "ExampleViewController.swift",
            "index" : 4,
            "isBlamed" : false,
            "line" : 42,
            "symbol" : "ExampleViewController.viewDidLoad()"
          },
          {
            "binaryName" : "UIKitCore",
            "index" : 5,
            "isBlamed" : false,
            "symbol" : "UIApplicationMain"
          }
        ],
        "id" : "FB-I1/events/E1",
        "issueId" : "FB-I1"
      }
    ]
  },
  "schemaVersion" : 1,
  "warnings" : [

  ]
}
=== stderr ===
=== exit ===
0
=== requests ===
GET https://firebasecrashlytics.googleapis.com/v1alpha/projects/1234567890/apps/1:1234567890:ios:aaaa1111bbbb2222/events?filter.interval.endTime=2026-06-15T12:00:00Z&filter.interval.startTime=2026-03-17T12:00:00Z&filter.issue.id=I1&page_size=1
POST https://www.googleapis.com/oauth2/v3/token
