=== stdout ===
{
  "data" : {
    "events" : [
      {
        "blamedFrame" : {
          "binaryName" : "ExampleApp",
          "file" : "NetworkClient.swift",
          "index" : 2,
          "isBlamed" : false,
          "line" : 186,
          "symbol" : "NetworkClient.recordFailure(error:)"
        },
        "eventTime" : "2026-06-14T10:00:00Z",
        "firebaseEventId" : "E3",
        "frames" : [
          {
            "binaryName" : "ExampleApp",
            "file" : "NetworkClient.swift",
            "index" : 2,
            "isBlamed" : false,
            "line" : 186,
            "symbol" : "NetworkClient.recordFailure(error:)"
          }
        ],
        "id" : "FB-I2/events/E3",
        "issueId" : "FB-I2"
      }
    ]
  },
  "schemaVersion" : 1,
  "warnings" : [

  ]
}
=== stderr ===
=== exit ===
0
=== requests ===
GET https://firebasecrashlytics.googleapis.com/v1alpha/projects/1234567890/apps/1:1234567890:ios:aaaa1111bbbb2222/events?filter.interval.endTime=2026-06-15T12:00:00Z&filter.interval.startTime=2026-03-17T12:00:00Z&filter.issue.id=I2&page_size=10
POST https://www.googleapis.com/oauth2/v3/token
