=== stdout ===
FB-I1/events/E1   2026-06-14T09:30:00Z   6.16.0 (937)   iPhone15,2 / iOS 17.5.1   114.44 MiB free RAM   BlurService.classify(_:)
    crash: BlurService.swift:77: Fatal error: Array index out of range (user [redacted])
=== stderr ===
warning: DSYM_FAILED: no dSYM bundle with a DWARF binary found under /empty-dsyms. (/empty-dsyms)
=== exit ===
0
=== requests ===
GET https://firebasecrashlytics.googleapis.com/v1alpha/projects/1234567890/apps/1:1234567890:ios:aaaa1111bbbb2222/events?filter.interval.endTime=2026-06-15T12:00:00Z&filter.interval.startTime=2026-03-17T12:00:00Z&filter.issue.id=I1&page_size=1
POST https://www.googleapis.com/oauth2/v3/token
