=== stdout ===
# [ExampleApp] Legacy.swift - Legacy.run()

**What:** `FATAL` (SIGABRT) in `Legacy.run()` — `Legacy.swift`  
**Impact (last 7 days, 2026-06-08 → 2026-06-15):** 0 events · 0 users (0.00% of 900)  
**Versions:** first seen 6.10.0 · last seen 6.10.0 (versions of the first and the latest event, not a range)  

## Details

| Field | Value |
| --- | --- |
| ID | `FB-IDEEP` |
| Firebase console | [Open issue](https://console.firebase.google.com/project/golden/crashlytics/app/ios:com.example.app/issues/IDEEP) |
| Source | firebase |
| Type | `FATAL` (SIGABRT) |
| Subtype | Fatal error |
| Module | ExampleApp |

## Where it happens

Exact counts from the Crashlytics reports over the export window (2026-06-08 → 2026-06-15), top 5 by events.

- App versions: no events in the window
- OS: iOS 17.5.1 20 events (50.0%) · 7 users; iOS 17.4 14 events (35.0%) · 5 users; iOS 16.7.8 6 events (15.0%) · 3 users
- Devices: iPhone 14 Pro (iPhone15,2) 24 events (60.0%) · 8 users; iPhone 13 (iPhone14,5) 12 events (30.0%) · 6 users; iPad Air (iPad13,1) 4 events (10.0%) · 2 users

## Latest occurrence

| Field | Value |
| --- | --- |
| App version | 6.10.0 |

## Stack trace

_No frames available._

---
_Exported with xcrashlytics 0.2.0 on 2026-06-15 12:00 UTC._
=== stderr ===
=== exit ===
0
=== requests ===
GET https://firebasecrashlytics.googleapis.com/v1alpha/projects/1234567890/apps/1:1234567890:ios:aaaa1111bbbb2222/events?filter.interval.endTime=2026-06-15T12:00:00Z&filter.interval.startTime=2026-06-08T12:00:00Z&filter.issue.id=IDEEP&page_size=100
GET https://firebasecrashlytics.googleapis.com/v1alpha/projects/1234567890/apps/1:1234567890:ios:aaaa1111bbbb2222/issues/IDEEP
GET https://firebasecrashlytics.googleapis.com/v1alpha/projects/1234567890/apps/1:1234567890:ios:aaaa1111bbbb2222/reports/topAppleDevices?filter.interval.endTime=2026-06-15T12:00:00Z&filter.interval.startTime=2026-06-08T12:00:00Z&filter.issue.id=IDEEP&page_size=100
GET https://firebasecrashlytics.googleapis.com/v1alpha/projects/1234567890/apps/1:1234567890:ios:aaaa1111bbbb2222/reports/topIssues?filter.interval.endTime=2026-06-15T12:00:00Z&filter.interval.startTime=2026-06-08T12:00:00Z&page_size=100
GET https://firebasecrashlytics.googleapis.com/v1alpha/projects/1234567890/apps/1:1234567890:ios:aaaa1111bbbb2222/reports/topOperatingSystems?filter.interval.endTime=2026-06-15T12:00:00Z&filter.interval.startTime=2026-06-08T12:00:00Z&filter.issue.id=IDEEP&page_size=100
GET https://firebasecrashlytics.googleapis.com/v1alpha/projects/1234567890/apps/1:1234567890:ios:aaaa1111bbbb2222/reports/topVersions?filter.interval.endTime=2026-06-15T12:00:00Z&filter.interval.startTime=2026-06-08T12:00:00Z&filter.issue.id=IDEEP&granularity=TIME_GRANULARITY_DAY&page_size=100
GET https://firebasecrashlytics.googleapis.com/v1alpha/projects/1234567890/apps/1:1234567890:ios:aaaa1111bbbb2222/reports/topVersions?filter.interval.endTime=2026-06-15T12:00:00Z&filter.interval.startTime=2026-06-08T12:00:00Z&filter.issue.id=IDEEP&page_size=100
POST https://www.googleapis.com/oauth2/v3/token
POST https://www.googleapis.com/oauth2/v3/token
