=== stdout ===
OVERVIEW: Exact events and users per app version, OS version, or device model —
for one issue or the whole app.

Numbers come from the Crashlytics reports over --since (default 7d, at most
90d), not from sampled
events. With an issue id, rows are that issue's groups with events, most events
first, with their share
of the issue's events; `--by version` adds each version's total users and the
percentage of them that
hit the issue. Without an id the whole app is reported, with crash-free users
where Crashlytics
provides them. Takes the same ids as `show`.

Examples:
  xcrashlytics breakdown FB-3aedb610eee1a41872d991ca62ce8566 --by version
--since 30d
  xcrashlytics breakdown FB-3aedb610eee1a41872d991ca62ce8566 --by device
--format json
  xcrashlytics breakdown --by version --format json

USAGE: xcrashlytics breakdown [<issue>] --by <by> [--since <since>] [--limit <limit>] [--format <format>]

ARGUMENTS:
  <issue>                 Optional Firebase issue (FB-<id>,
                          FB-<id>/events/<event>, or a console issue link).
                          Without it the report covers the whole app.

OPTIONS:
  --by <by>               What to split by: version, os, or device. (values:
                          version, os, device)
  --since <since>         Report window: 7d (default), 24h, 2w, 30d, or all
                          (90d). At most 90d. (default: 7d)
  --limit <limit>         Return only the first N rows (by events).
  --format <format>       Output format: text (default), json, or ndjson.
                          (values: text, json, ndjson; default: text)
  --version               Show the version.
  -h, --help              Show help information.

=== stderr ===
=== exit ===
0
=== requests ===
