=== stdout ===
{
  "data" : {
    "fetchedIssuesCount" : 5,
    "issues" : [
      {
        "appVersion" : "6.16.0",
        "dailyEvents" : [
          {
            "day" : "2026-06-10",
            "eventsCount" : 3
          },
          {
            "day" : "2026-06-11",
            "eventsCount" : 6
          },
          {
            "day" : "2026-06-12",
            "eventsCount" : 9
          },
          {
            "day" : "2026-06-13",
            "eventsCount" : 12
          },
          {
            "day" : "2026-06-14",
            "eventsCount" : 8
          },
          {
            "day" : "2026-06-15",
            "eventsCount" : 4
          }
        ],
        "dailyEventsSampledCount" : 42,
        "dailyEventsTruncated" : false,
        "errorType" : "FATAL",
        "eventsCount" : 42,
        "exceptionType" : "FATAL",
        "file" : "BlurService.swift",
        "firebaseIssueId" : "I1",
        "firstSeenVersion" : "6.14.2",
        "id" : "FB-I1",
        "impactedUsersCount" : 12,
        "lastSeenAt" : "2026-06-14T09:30:00Z",
        "lastSeenVersion" : "6.16.0",
        "module" : "ExampleApp",
        "signal" : "SIGABRT",
        "source" : "firebase",
        "subtitle" : "Fatal error: Array index out of range",
        "title" : "[ExampleApp] BlurService.swift - BlurService.classify(_:)",
        "topAppSymbol" : "BlurService.classify(_:)"
      }
    ],
    "limit" : 1,
    "matchedIssuesCount" : 2,
    "query" : "blur",
    "searchLimit" : 200,
    "since" : "30d",
    "window" : {
      "since" : "2026-05-16T12:00:00Z",
      "until" : "2026-06-15T12:00:00Z"
    }
  },
  "schemaVersion" : 1,
  "warnings" : [

  ]
}
=== stderr ===
=== exit ===
0
=== requests ===
GET https://firebasecrashlytics.googleapis.com/v1alpha/projects/1234567890/apps/1:1234567890:ios:aaaa1111bbbb2222/events?filter.interval.endTime=2026-06-15T12:00:00Z&filter.interval.startTime=2026-05-16T12:00:00Z&filter.issue.id=I1&page_size=1
GET https://firebasecrashlytics.googleapis.com/v1alpha/projects/1234567890/apps/1:1234567890:ios:aaaa1111bbbb2222/reports/topIssues?filter.interval.endTime=2026-06-15T12:00:00Z&filter.interval.startTime=2026-05-16T12:00:00Z&granularity=TIME_GRANULARITY_DAY&page_size=100
POST https://www.googleapis.com/oauth2/v3/token
