=== stdout ===
{
  "data" : {
    "fetchedIssuesCount" : 5,
    "issues" : [
      {
        "appVersion" : "6.15.0",
        "errorType" : "EXC_BAD_ACCESS",
        "eventsCount" : 9,
        "exceptionType" : "EXC_BAD_ACCESS",
        "file" : "MapRenderer.swift",
        "firebaseIssueId" : "I3",
        "firstSeenVersion" : "6.15.0",
        "id" : "FB-I3",
        "impactedUsersCount" : 4,
        "lastSeenAt" : "2026-06-13T07:15:00Z",
        "lastSeenVersion" : "6.15.0",
        "module" : "ExampleApp",
        "signal" : "SIGSEGV",
        "source" : "firebase",
        "subtitle" : "EXC_BAD_ACCESS",
        "title" : "[ExampleApp] MapRenderer.swift - MapRenderer.draw(_:)",
        "topAppSymbol" : "MapRenderer.draw(_:)"
      }
    ],
    "limit" : 20,
    "match" : "maprenderer",
    "matchedIssuesCount" : 1,
    "searchLimit" : 200,
    "window" : {
      "since" : "2026-06-08T12:00:00Z",
      "until" : "2026-06-15T12:00:00Z"
    }
  },
  "schemaVersion" : 1,
  "warnings" : [

  ]
}
=== stderr ===
=== exit ===
0
=== requests ===
GET https://firebasecrashlytics.googleapis.com/v1alpha/projects/1234567890/apps/1:1234567890:ios:aaaa1111bbbb2222/events?filter.interval.endTime=2026-06-15T12:00:00Z&filter.interval.startTime=2026-06-08T12:00:00Z&filter.issue.id=I3&page_size=1
GET https://firebasecrashlytics.googleapis.com/v1alpha/projects/1234567890/apps/1:1234567890:ios:aaaa1111bbbb2222/reports/topIssues?filter.interval.endTime=2026-06-15T12:00:00Z&filter.interval.startTime=2026-06-08T12:00:00Z&page_size=100
POST https://www.googleapis.com/oauth2/v3/token
