=== stdout ===
ID:        FB-I1/events/E2
Source:    firebase
Bundle:    com.example.app
Version:   6.15.0 (900)
OS:        17.4
Device:    iPhone14,5
Time:      2026-06-12 08:00 UTC
Exception: CALayerInvalidGeometry
Crash:     CALayerInvalidGeometry: CALayer bounds contains NaN
Versions:  first seen 6.14.2 · last seen 6.16.0
Range:     6.15.0 (900) … 6.16.0 (937) (lowest/highest version with events, 90d)
Sampled:   newest 2 events, 2026-06-12 → 2026-06-14, 2 users
OS:        iOS 17.4 ×1, iOS 17.5.1 ×1
Devices:   iPhone14,5 ×1, iPhone15,2 ×1
Libraries: ExampleApp ×2 (100%), KeyboardCore ×1 (50%)
Blamed in: ExampleApp ×1 (50%)

Thread 0 (crashed):
  0  ExampleApp                        0x0000000000001068  BlurService.classify(_:) (BlurService.swift:80)
  1  UIKitCore                         0x0000000000000384  UIApplicationMain
=== stderr ===
=== exit ===
0
=== requests ===
GET https://firebasecrashlytics.googleapis.com/v1alpha/projects/1234567890/apps/1:1234567890:ios:aaaa1111bbbb2222/events?filter.interval.endTime=2026-06-15T12:00:00Z&filter.interval.startTime=2026-03-17T12:00:00Z&filter.issue.id=I1&page_size=100
GET https://firebasecrashlytics.googleapis.com/v1alpha/projects/1234567890/apps/1:1234567890:ios:aaaa1111bbbb2222/issues/I1
GET https://firebasecrashlytics.googleapis.com/v1alpha/projects/1234567890/apps/1:1234567890:ios:aaaa1111bbbb2222/reports/topVersions?filter.interval.endTime=2026-06-15T12:00:00Z&filter.interval.startTime=2026-03-17T12:00:00Z&filter.issue.id=I1&page_size=100
POST https://www.googleapis.com/oauth2/v3/token
POST https://www.googleapis.com/oauth2/v3/token
