=== stdout ===
ID:        XC-0A0A0A0A-1111-2222-3333-444444444444
Source:    xcode
Bundle:    com.example.ExampleApp
Version:   1.0 (42)
OS:        iOS 17.0 (21A329)
Device:    iPhone14,2
Time:      2026-05-01 12:34 UTC
Exception: EXC_BAD_ACCESS (SIGSEGV)
Subtype:   KERN_INVALID_ADDRESS at 0x0000000000000000

Thread 1 (crashed):
  0  libsystem_kernel.dylib            0x0000000200000b5c  __pthread_kill
  1  ExampleApp                        0x0000000100001000  ExampleViewController.crashNow() (ExampleViewController.swift:42)
  2  ExampleApp                        0x0000000100002000  <no symbol>
  3  UIKitCore                         0x0000000180000200  UIApplicationMain
=== stderr ===
=== exit ===
0
=== requests ===
